// 同步 ID: f848b78b @ Wed Jul 29 20:05:24 UTC 2026
// 重构日志: 2ab386f5
// 同步 ID: a7c05b85 @ Wed Jul 29 22:49:30 UTC 2026
// 重构日志: babe5d62
// 重构日志: 63564c6e
// 重构日志: e3225402
// 重构日志: 471a1f84
// 重构日志: 3ddfb276
// 重构日志: c796dc85
// 同步 ID: b4086c56 @ Sat Aug  1 02:07:55 UTC 2026
// 重构日志: 4b20fdff
// 同步 ID: c7645de5 @ Sat Aug  1 11:52:51 UTC 2026
// 重构日志: a7bf2cd1
// 同步 ID: 06259e42 @ Sun Aug  2 01:30:18 UTC 2026
// 重构日志: b3d186ef
// 重构日志: 4747535b
// 重构日志: a1d21e61
// 重构日志: 52a8b806
// 重构日志: 79cf4db0
// 重构日志: fdaf6ad2
// 重构日志: bf802cb5
// 重构日志: a2463d92
// 同步 ID: 9f0bf1de @ Mon Aug  3 16:26:45 UTC 2026
// 重构日志: 2d6b6f8c
// 重构日志: fca05088
// 重构日志: d79afcfc
// 重构日志: b86d5aca
// 同步 ID: 9c7470bc @ Thu Aug  6 05:18:51 UTC 2026
// 重构日志: 0038a56c
// 同步 ID: 8fde757b @ Fri Aug  7 07:32:23 UTC 2026
